
> motocarepro-standalone@1.0.0 typecheck
> tsc --noEmit

src/components/admin/AuditLogsViewer.tsx(171,27): error TS7006: Parameter 'log' implicitly has an 'any' type.
src/components/admin/AuditLogsViewer.tsx(267,9): error TS18046: 'r' is of type 'unknown'.
src/components/admin/AuditLogsViewer.tsx(268,9): error TS18046: 'r' is of type 'unknown'.
src/components/admin/AuditLogsViewer.tsx(269,9): error TS18046: 'r' is of type 'unknown'.
src/components/admin/AuditLogsViewer.tsx(270,9): error TS18046: 'r' is of type 'unknown'.
src/components/admin/AuditLogsViewer.tsx(271,9): error TS18046: 'r' is of type 'unknown'.
src/components/admin/AuditLogsViewer.tsx(272,24): error TS18046: 'r' is of type 'unknown'.
src/components/admin/AuditLogsViewer.tsx(273,24): error TS18046: 'r' is of type 'unknown'.
src/components/categories/CategoriesManager.tsx(324,31): error TS2769: No overload matches this call.
  The last overload gave the following error.
    Object literal may only specify known properties, and 'className' does not exist in type 'Partial<unknown> & Attributes'.
src/components/dashboard/hooks/useDashboardData.ts(414,33): error TS7006: Parameter 'item' implicitly has an 'any' type.
src/components/dashboard/hooks/useDashboardData.ts(626,33): error TS7006: Parameter 'item' implicitly has an 'any' type.
src/components/inventory/components/EditReceiptModal.tsx(7,37): error TS2307: Cannot find module '../../finance/CashBookModals' or its corresponding type declarations.
src/components/inventory/components/GoodsReceiptModal.tsx(262,23): error TS2304: Cannot find name 'useAuth'.
src/components/inventory/components/GoodsReceiptModal.tsx(264,10): error TS2304: Cannot find name 'canDo'.
src/components/inventory/components/GoodsReceiptModal.tsx(869,47): error TS2304: Cannot find name 'validatePriceAndQty'.
src/components/inventory/components/index.ts(2,10): error TS2305: Module '"./InventoryHistorySection"' has no exported member 'default'.
src/components/inventory/components/InventoryHistoryModal.tsx(10,23): error TS2552: Cannot find name 'useQueryClient'. Did you mean 'queryClient'?
src/components/inventory/components/InventoryHistoryModal.tsx(22,47): error TS2367: This comparison appears to be unintentional because the types '"Nhß║¡p kho" | "Xuß║Ñt kho"' and '"Nh∩┐╜p kho"' have no overlap.
src/components/inventory/components/InventoryHistoryModal.tsx(253,29): error TS2304: Cannot find name 'showToast'.
src/components/inventory/components/InventoryHistoryModal.tsx(279,57): error TS2304: Cannot find name 'supabase'.
src/components/inventory/components/InventoryHistoryModal.tsx(286,33): error TS2304: Cannot find name 'showToast'.
src/components/inventory/components/InventoryHistoryModal.tsx(291,33): error TS2304: Cannot find name 'showToast'.
src/components/inventory/components/InventoryHistorySection.tsx(6,38): error TS2307: Cannot find module '../../../hooks/useDebtsRepository' or its corresponding type declarations.
src/components/inventory/components/InventoryHistorySection.tsx(47,47): error TS2367: This comparison appears to be unintentional because the types '"Nhß║¡p kho" | "Xuß║Ñt kho"' and '"Nh├í┬║┬¡p kho"' have no overlap.
src/components/inventory/components/InventoryHistorySection.tsx(383,18): error TS2304: Cannot find name 'Trash2'.
src/components/inventory/components/InventoryHistorySection.tsx(442,53): error TS7006: Parameter 'debt' implicitly has an 'any' type.
src/components/inventory/InventoryHistorySection.tsx(6,38): error TS2307: Cannot find module '../../hooks/useDebtsRepository' or its corresponding type declarations.
src/components/inventory/InventoryHistorySection.tsx(129,36): error TS2339: Property 'supplierId' does not exist on type 'InventoryTransaction'.
src/components/inventory/InventoryHistorySection.tsx(130,60): error TS2339: Property 'supplierId' does not exist on type 'InventoryTransaction'.
src/components/inventory/InventoryHistorySection.tsx(171,31): error TS2339: Property 'supplierId' does not exist on type 'InventoryTransaction'.
src/components/inventory/InventoryHistorySection.tsx(172,62): error TS2339: Property 'supplierId' does not exist on type 'InventoryTransaction'.
src/components/inventory/InventoryHistorySection.tsx(516,53): error TS7006: Parameter 'debt' implicitly has an 'any' type.
src/components/inventory/InventoryHistorySectionMobile.tsx(4,38): error TS2307: Cannot find module '../../hooks/useDebtsRepository' or its corresponding type declarations.
src/components/inventory/InventoryHistorySectionMobile.tsx(102,36): error TS2339: Property 'supplierId' does not exist on type 'InventoryTransaction'.
src/components/inventory/InventoryHistorySectionMobile.tsx(103,60): error TS2339: Property 'supplierId' does not exist on type 'InventoryTransaction'.
src/components/inventory/InventoryHistorySectionMobile.tsx(141,31): error TS2339: Property 'supplierId' does not exist on type 'InventoryTransaction'.
src/components/inventory/InventoryHistorySectionMobile.tsx(142,62): error TS2339: Property 'supplierId' does not exist on type 'InventoryTransaction'.
src/components/inventory/InventoryManager.tsx(29,27): error TS2307: Cannot find module '../../lib/repository/auditLogsRepository' or its corresponding type declarations.
src/components/inventory/InventoryManager.tsx(64,38): error TS2307: Cannot find module '../../hooks/useDebtsRepository' or its corresponding type declarations.
src/components/inventory/InventoryManager.tsx(653,72): error TS2339: Property 'error' does not exist on type 'RepoResult<Part>'.
  Property 'error' does not exist on type 'RepoSuccess<Part>'.
src/components/inventory/InventoryManager.tsx(655,81): error TS2339: Property 'error' does not exist on type 'RepoResult<Part>'.
  Property 'error' does not exist on type 'RepoSuccess<Part>'.
src/components/inventory/InventoryManager.tsx(2424,11): error TS2322: Type '(receiptId: string, updatedData: { date: string; supplierId: string; items: any[]; totalAmount: number; paidAmount: number; notes?: string; }) => Promise<...>' is not assignable to type '(data: any) => void'.
  Target signature provides too few arguments. Expected 2 or more, but got 1.
src/components/inventory/InventoryManager.tsx(2434,11): error TS2322: Type '{ onClose: () => void; onDownloadTemplate: () => void; onImport: (file: any) => Promise<void>; }' is not assignable to type 'IntrinsicAttributes & { isOpen: boolean; onClose: () => void; transactions: InventoryTransaction[]; }'.
  Property 'onDownloadTemplate' does not exist on type 'IntrinsicAttributes & { isOpen: boolean; onClose: () => void; transactions: InventoryTransaction[]; }'.
src/components/inventory/InventoryManager.tsx(2435,28): error TS7006: Parameter 'file' implicitly has an 'any' type.
src/components/inventory/modals/ImportInventoryModal.tsx(25,47): error TS2367: This comparison appears to be unintentional because the types '"Nhß║¡p kho" | "Xuß║Ñt kho"' and '"Nh├í┬║┬¡p kho"' have no overlap.
src/components/inventory/types.ts(2,49): error TS2307: Cannot find module '../../../types' or its corresponding type declarations.
src/components/service/components/WorkOrderModal.tsx(13,43): error TS2307: Cannot find module '../../../hooks/useDebtsRepository' or its corresponding type declarations.
src/components/service/components/WorkOrderModal.tsx(2006,19): error TS2322: Type '{ id: any; customerName: any; customerPhone: any; vehicleModel: any; licensePlate: any; issueDescription: any; technicianName: any; status: any; laborCost: any; discount: any; partsUsed: any; additionalServices: { ...; }[] | null; ... 12 more ...; creationDate: any; } | { ...; }' is not assignable to type 'WorkOrder'.
  Type '{ id: any; customerName: any; customerPhone: any; vehicleModel: any; licensePlate: any; issueDescription: any; technicianName: any; status: any; laborCost: any; discount: any; partsUsed: any; additionalServices: { ...; }[] | null; ... 12 more ...; creationDate: any; }' is not assignable to type 'WorkOrder'.
    Types of property 'additionalServices' are incompatible.
      Type '{ id: string; description: string; quantity: number; price: number; costPrice?: number | undefined; }[] | null' is not assignable to type '{ id: string; description: string; quantity: number; price: number; costPrice?: number | undefined; }[] | undefined'.
        Type 'null' is not assignable to type '{ id: string; description: string; quantity: number; price: number; costPrice?: number | undefined; }[] | undefined'.
src/components/service/ServiceManager.tsx(57,8): error TS2307: Cannot find module '../../hooks/useDebtsRepository' or its corresponding type declarations.
src/components/service/ServiceManager.tsx(1451,7): error TS2353: Object literal may only specify known properties, and 'estimatedCompletion' does not exist in type 'WorkOrder'.
src/components/service/ServiceManager.tsx(1560,15): error TS2322: Type '{ partId: string; partName: string; quantity: number; price: number; }[]' is not assignable to type 'WorkOrderPart[]'.
  Property 'sku' is missing in type '{ partId: string; partName: string; quantity: number; price: number; }' but required in type 'WorkOrderPart'.
src/components/service/ServiceManager.tsx(1653,30): error TS2554: Expected 1 arguments, but got 0.
src/components/service/ServiceManager.tsx(1662,48): error TS2554: Expected 1 arguments, but got 0.
src/components/service/ServiceManager.tsx(1670,30): error TS2554: Expected 1 arguments, but got 0.
src/components/service/ServiceManager.tsx(2112,35): error TS2552: Cannot find name 'handleCallCustomer'. Did you mean 'callCustomer'?
src/components/service/ServiceManager.tsx(2412,39): error TS2552: Cannot find name 'handleCallCustomer'. Did you mean 'callCustomer'?
src/components/service/ServiceManager.tsx(2499,13): error TS2353: Object literal may only specify known properties, and 'estimatedCompletion' does not exist in type 'WorkOrder'.
src/components/service/WorkOrderMobileModal.tsx(1026,21): error TS2345: Argument of type '"Tiß║┐p nhß║¡n" | "─Éang sß╗¡a" | "─É├ú sß╗¡a xong" | "Trß║ú m├íy" | "─É├ú hß╗ºy"' is not assignable to parameter of type 'WorkOrderStatus'.
  Type '"─É├ú hß╗ºy"' is not assignable to type 'WorkOrderStatus'.
src/components/settings/SettingsManager.tsx(6,27): error TS2307: Cannot find module '../../lib/repository/auditLogsRepository' or its corresponding type declarations.
src/components/settings/SettingsManager.tsx(297,15): error TS2353: Object literal may only specify known properties, and 'duration' does not exist in type 'ToastOptions<unknown>'.
src/contexts/AppContext.tsx(29,27): error TS2307: Cannot find module '../lib/repository/auditLogsRepository' or its corresponding type declarations.
src/contexts/AuthContext.tsx(10,27): error TS2307: Cannot find module '../lib/repository/auditLogsRepository' or its corresponding type declarations.
src/hooks/useAuditLogs.ts(2,32): error TS2307: Cannot find module '../lib/repository/auditLogsRepository' or its corresponding type declarations.
src/hooks/useRepairTemplatesRepository.ts(58,29): error TS2339: Property 'branch_id' does not exist on type 'UserProfile'.
src/hooks/useRepairTemplatesRepository.ts(99,29): error TS2339: Property 'branch_id' does not exist on type 'UserProfile'.
src/hooks/useRepairTemplatesRepository.ts(144,31): error TS2339: Property 'branch_id' does not exist on type 'UserProfile'.
src/hooks/useRepairTemplatesRepository.ts(323,31): error TS2339: Property 'branch_id' does not exist on type 'UserProfile'.
src/lib/auditQueue.ts(2,36): error TS2307: Cannot find module './repository/auditLogsRepository' or its corresponding type declarations.
src/lib/repository/cashTransactionsRepository.ts(4,27): error TS2307: Cannot find module './auditLogsRepository' or its corresponding type declarations.
src/lib/repository/categoriesRepository.ts(4,27): error TS2307: Cannot find module './auditLogsRepository' or its corresponding type declarations.
src/lib/repository/inventoryTransactionsRepository.ts(5,27): error TS2307: Cannot find module './auditLogsRepository' or its corresponding type declarations.
src/lib/repository/partsRepository.ts(4,27): error TS2307: Cannot find module './auditLogsRepository' or its corresponding type declarations.
src/lib/repository/paymentSourcesRepository.ts(4,27): error TS2307: Cannot find module './auditLogsRepository' or its corresponding type declarations.
src/lib/repository/suppliersRepository.ts(4,27): error TS2307: Cannot find module './auditLogsRepository' or its corresponding type declarations.
